Setting up  username and email
$ git config --global user.name "Yash"
$ git config --global user.email "yashgupta50357@gmail.com"

Listing all things
$ git config --list

changing our editor 
$ git config --global core.editor vim
$ git config --global core.editor emacs

Getting our username and email
$ git config user.name
$ git config user.email

Present Working directory
$ pwd

Initializing a git repo
$ git init

Checking the status of repository
$ git status

putting all files to staging area
$ git add --a

Commit the changes after staging
$ git commit -m"Initial Commit"


Commit without staging
$ git commit -a -m"Direct Commit"


We can also add files of our choice to staging
$ git add test.txt

Then commit changes
$ git commit -m "Changed test.txt with some changes"


Delete the content of folder
rm -rf .git

Clone a git repository
$ git clone https://github.com/numpy/numpy.git

Creating a file using linux commands
$ touch error.log

To ignore a file just add it to .gitignore 

Compare working directory with staging area
$ git diff

Compare previous commit with currrent staging area
$ git diff --staged




