Setting up  username and email
$ git config --global user.name "Yash"
$ git config --global user.email "yashgupta50357@gmail.com"

Listing all things
$ git config --list

changing our editor 
$ git config --global core.editor vim
$ git config --global core.editor emacs

Getting our username and email
$ git config user.name
$ git config user.email

Present Working directory
$ pwd

Initializing a git repo
$ git init

Checking the status of repository
$ git status

putting all files to staging area
$ git add --a

Commit the changes after staging
$ git commit -m"Initial Commit"


Commit without staging
$ git commit -a -m"Direct Commit"


We can also add files of our choice to staging
$ git add test.txt

Then commit changes
$ git commit -m "Changed test.txt with some changes"


Delete the content of folder
rm -rf .git

Clone a git repository
$ git clone https://github.com/numpy/numpy.git

Creating a file using linux commands
$ touch error.log

To ignore a file just add it to .gitignore 

Compare working directory with staging area
$ git diff

Compare previous commit with currrent staging area
$ git diff --staged

Removing a file through git
$ git rm t.txt

Renaming a file through git
$ git mv test.txt test_rename.txt

Untrack the file by adding it to .gitignore and running th following command
$ git rm --cached test_rename.txt

 
To view the changes done in every commit along with diff i.e differrences
$ git log -p

To view the changes done in every commit along with diff i.e differrences and specify the number of commits.
$ git log -p -3

To see the short stats about every commit
$ git log --stat

To see all the commits in one line
$ git log --pretty=oneline

To see short info about commit
$ git log --pretty=short

To see more info about commit
$ git log --pretty=short

To see commits in past few days
$ git log --since=2.days 
 

To see commits in past few weeks
$ git log --since=2.weeks

To show commits in particular format(using filters in git log)
$ git log --pretty=format:"%h -- %an"

To change someone's commit
$ git commit --ammend

To unstage a file 
$ git restore --staged filename.txt

To restore the changes in the file
$ git checkout -- filename.txt

If you want to go to to previous commit
$ git checkout -f



















 

